2026-10-04 12:00:04 POST /api/v3/payments 200 284ms req-0001
2026-10-04 12:00:08 POST /api/v1/orders 200 350ms req-0002
2026-10-04 12:00:12 POST /api/v1/sellers 200 803ms req-0003
2026-10-04 12:00:17 POST /api/v1/orders 500 628ms req-0004
2026-10-04 12:00:21 POST /api/v1/sellers 429 488ms req-0005
2026-10-04 12:00:23 POST /api/v1/sellers 200 221ms req-0006
2026-10-04 12:00:25 POST /api/v3/payments 200 464ms req-0007
2026-10-04 12:00:27 GET /api/v1/sellers 429 303ms req-0008
2026-10-04 12:00:31 GET /api/v1/sellers 503 228ms req-0009
2026-10-04 12:00:36 GET /api/v3/products 201 896ms req-0010
2026-10-04 12:00:37 POST /api/v1/sellers 200 680ms req-0011
2026-10-04 12:00:40 GET /api/v3/payments 404 528ms req-0012
2026-10-04 12:00:43 GET /api/v1/orders 201 257ms req-0013
2026-10-04 12:00:46 POST /api/v1/orders 404 960ms req-0014
2026-10-04 12:00:47 POST /api/v1/sellers 500 967ms req-0015
2026-10-04 12:00:51 POST /api/v1/sellers 201 54ms req-0016
2026-10-04 12:00:55 GET /api/v3/products 200 224ms req-0017
2026-10-04 12:00:59 GET /api/v3/products 200 718ms req-0018
2026-10-04 12:01:03 POST /api/v1/orders 200 853ms req-0019
2026-10-04 12:01:08 POST /api/v3/payments 200 281ms req-0020
2026-10-04 12:01:09 POST /api/v1/orders 201 701ms req-0021
2026-10-04 12:01:14 GET /api/v3/payments 200 907ms req-0022
2026-10-04 12:01:17 GET /api/v3/products 404 624ms req-0023
2026-10-04 12:01:21 GET /api/v3/payments 500 143ms req-0024
2026-10-04 12:01:23 POST /api/v3/payments 500 308ms req-0025
2026-10-04 12:01:28 POST /api/v3/products 200 284ms req-0026
2026-10-04 12:01:31 GET /api/v3/products 404 926ms req-0027
2026-10-04 12:01:34 POST /api/v1/sellers 429 763ms req-0028
2026-10-04 12:01:37 GET /api/v1/sellers 503 174ms req-0029
2026-10-04 12:01:38 POST /api/v3/payments 503 978ms req-0030
2026-10-04 12:01:42 GET /api/v1/orders 503 374ms req-0031
2026-10-04 12:01:46 POST /api/v3/products 500 728ms req-0032
2026-10-04 12:01:50 POST /api/v3/products 200 878ms req-0033
2026-10-04 12:01:54 POST /api/v3/products 200 217ms req-0034
2026-10-04 12:01:55 POST /api/v1/sellers 200 492ms req-0035
2026-10-04 12:01:57 GET /api/v3/products 200 477ms req-0036
2026-10-04 12:02:02 GET /api/v1/sellers 200 121ms req-0037
2026-10-04 12:02:04 POST /api/v3/products 429 471ms req-0038
2026-10-04 12:02:09 POST /api/v1/sellers 200 583ms req-0039
2026-10-04 12:02:11 POST /api/v1/sellers 201 770ms req-0040
2026-10-04 12:02:14 POST /api/v1/sellers 503 602ms req-0041
2026-10-04 12:02:17 GET /api/v3/payments 200 964ms req-0042
2026-10-04 12:02:19 GET /api/v1/orders 404 841ms req-0043
2026-10-04 12:02:21 POST /api/v3/payments 404 854ms req-0044
2026-10-04 12:02:24 POST /api/v1/orders 200 710ms req-0045
2026-10-04 12:02:25 GET /api/v1/orders 201 61ms req-0046
2026-10-04 12:02:26 POST /api/v3/products 503 820ms req-0047
2026-10-04 12:02:31 GET /api/v3/products 200 380ms req-0048
2026-10-04 12:02:34 POST /api/v3/payments 500 140ms req-0049
2026-10-04 12:02:37 POST /api/v1/orders 200 615ms req-0050
2026-10-04 12:02:41 GET /api/v1/sellers 201 35ms req-0051
2026-10-04 12:02:42 GET /api/v1/sellers 500 509ms req-0052
2026-10-04 12:02:46 GET /api/v3/products 200 820ms req-0053
2026-10-04 12:02:49 GET /api/v1/orders 200 550ms req-0054
2026-10-04 12:02:53 GET /api/v3/products 200 716ms req-0055
2026-10-04 12:02:56 GET /api/v3/products 503 140ms req-0056
2026-10-04 12:02:59 GET /api/v3/products 503 434ms req-0057
2026-10-04 12:03:03 GET /api/v3/products 500 208ms req-0058
2026-10-04 12:03:06 GET /api/v3/payments 500 917ms req-0059
2026-10-04 12:03:09 GET /api/v3/products 200 982ms req-0060
2026-10-04 12:03:13 POST /api/v3/products 200 595ms req-0061
2026-10-04 12:03:17 GET /api/v1/orders 500 485ms req-0062
2026-10-04 12:03:22 GET /api/v3/payments 200 545ms req-0063
2026-10-04 12:03:25 POST /api/v3/products 200 465ms req-0064
2026-10-04 12:03:26 POST /api/v3/payments 201 676ms req-0065
2026-10-04 12:03:28 POST /api/v1/sellers 503 66ms req-0066
2026-10-04 12:03:32 GET /api/v3/products 500 505ms req-0067
2026-10-04 12:03:34 POST /api/v3/payments 200 378ms req-0068
2026-10-04 12:03:39 POST /api/v1/orders 500 442ms req-0069
2026-10-04 12:03:41 POST /api/v3/payments 503 59ms req-0070
2026-10-04 12:03:45 POST /api/v3/payments 200 809ms req-0071
2026-10-04 12:03:46 GET /api/v1/orders 200 197ms req-0072
2026-10-04 12:03:49 GET /api/v1/orders 200 971ms req-0073
2026-10-04 12:03:54 GET /api/v3/payments 500 102ms req-0074
2026-10-04 12:03:58 POST /api/v1/orders 200 438ms req-0075
2026-10-04 12:04:02 GET /api/v1/sellers 503 198ms req-0076
2026-10-04 12:04:06 POST /api/v3/products 200 852ms req-0077
2026-10-04 12:04:08 GET /api/v1/orders 503 144ms req-0078
2026-10-04 12:04:10 GET /api/v3/products 429 119ms req-0079
2026-10-04 12:04:15 POST /api/v1/sellers 201 166ms req-0080
2026-10-04 12:04:20 POST /api/v3/products 404 450ms req-0081
2026-10-04 12:04:24 POST /api/v3/products 200 451ms req-0082
2026-10-04 12:04:25 POST /api/v3/payments 503 430ms req-0083
2026-10-04 12:04:28 POST /api/v3/payments 200 325ms req-0084
2026-10-04 12:04:33 POST /api/v1/sellers 503 672ms req-0085
2026-10-04 12:04:34 GET /api/v3/products 429 69ms req-0086
2026-10-04 12:04:37 GET /api/v1/sellers 200 26ms req-0087
2026-10-04 12:04:39 POST /api/v1/orders 200 130ms req-0088
2026-10-04 12:04:41 GET /api/v1/orders 500 690ms req-0089
2026-10-04 12:04:46 GET /api/v3/payments 200 151ms req-0090
2026-10-04 12:04:47 GET /api/v1/orders 200 638ms req-0091
2026-10-04 12:04:50 POST /api/v3/products 200 401ms req-0092
2026-10-04 12:04:55 GET /api/v1/sellers 200 298ms req-0093
2026-10-04 12:04:58 GET /api/v1/sellers 200 164ms req-0094
2026-10-04 12:05:00 GET /api/v3/payments 200 95ms req-0095
2026-10-04 12:05:03 POST /api/v1/sellers 200 880ms req-0096
2026-10-04 12:05:08 POST /api/v1/sellers 429 703ms req-0097
2026-10-04 12:05:09 POST /api/v1/sellers 503 991ms req-0098
2026-10-04 12:05:13 POST /api/v3/products 429 930ms req-0099
2026-10-04 12:05:18 GET /api/v3/products 500 762ms req-0100
2026-10-04 12:05:21 POST /api/v3/payments 500 504ms req-0101
2026-10-04 12:05:22 GET /api/v3/products 404 598ms req-0102
2026-10-04 12:05:27 GET /api/v1/sellers 200 45ms req-0103
2026-10-04 12:05:31 POST /api/v3/products 404 856ms req-0104
2026-10-04 12:05:34 GET /api/v1/orders 429 870ms req-0105
2026-10-04 12:05:39 POST /api/v1/sellers 429 459ms req-0106
2026-10-04 12:05:40 GET /api/v3/products 503 244ms req-0107
2026-10-04 12:05:43 POST /api/v3/payments 200 441ms req-0108
2026-10-04 12:05:47 GET /api/v3/products 201 418ms req-0109
2026-10-04 12:05:49 POST /api/v3/payments 200 128ms req-0110
2026-10-04 12:05:52 GET /api/v1/sellers 200 439ms req-0111
2026-10-04 12:05:53 GET /api/v3/products 200 155ms req-0112
2026-10-04 12:05:57 POST /api/v1/orders 201 497ms req-0113
2026-10-04 12:05:58 POST /api/v1/orders 429 190ms req-0114
2026-10-04 12:06:00 POST /api/v3/payments 429 64ms req-0115
2026-10-04 12:06:03 POST /api/v1/orders 200 196ms req-0116
2026-10-04 12:06:06 GET /api/v3/payments 201 60ms req-0117
2026-10-04 12:06:10 POST /api/v3/products 200 850ms req-0118
2026-10-04 12:06:13 POST /api/v3/payments 404 869ms req-0119
2026-10-04 12:06:16 POST /api/v3/products 200 534ms req-0120
2026-10-04 12:06:17 GET /api/v3/products 503 643ms req-0121
2026-10-04 12:06:21 POST /api/v3/products 200 44ms req-0122
2026-10-04 12:06:26 POST /api/v1/sellers 200 666ms req-0123
2026-10-04 12:06:28 POST /api/v3/products 429 967ms req-0124
2026-10-04 12:06:29 POST /api/v3/products 500 175ms req-0125
2026-10-04 12:06:30 POST /api/v1/orders 200 59ms req-0126
2026-10-04 12:06:33 GET /api/v1/sellers 429 769ms req-0127
2026-10-04 12:06:37 GET /api/v1/sellers 200 191ms req-0128
2026-10-04 12:06:42 POST /api/v1/sellers 404 552ms req-0129
2026-10-04 12:06:46 GET /api/v1/orders 200 210ms req-0130
2026-10-04 12:06:47 POST /api/v1/sellers 200 898ms req-0131
2026-10-04 12:06:49 GET /api/v3/payments 503 209ms req-0132
2026-10-04 12:06:54 GET /api/v1/orders 200 527ms req-0133
2026-10-04 12:06:59 POST /api/v3/payments 429 731ms req-0134
2026-10-04 12:07:04 GET /api/v3/products 201 421ms req-0135
2026-10-04 12:07:08 GET /api/v3/products 500 936ms req-0136
2026-10-04 12:07:13 GET /api/v1/sellers 429 501ms req-0137
2026-10-04 12:07:16 GET /api/v3/payments 503 868ms req-0138
2026-10-04 12:07:21 GET /api/v1/sellers 500 408ms req-0139
2026-10-04 12:07:26 GET /api/v3/products 200 361ms req-0140
2026-10-04 12:07:30 POST /api/v1/orders 200 674ms req-0141
2026-10-04 12:07:34 POST /api/v1/sellers 429 258ms req-0142
2026-10-04 12:07:38 GET /api/v3/products 200 145ms req-0143
2026-10-04 12:07:39 POST /api/v1/sellers 503 230ms req-0144
2026-10-04 12:07:42 GET /api/v1/sellers 503 508ms req-0145
2026-10-04 12:07:45 GET /api/v3/products 500 115ms req-0146
2026-10-04 12:07:47 POST /api/v3/payments 200 183ms req-0147
2026-10-04 12:07:49 POST /api/v1/sellers 200 416ms req-0148
2026-10-04 12:07:50 POST /api/v3/payments 500 706ms req-0149
2026-10-04 12:07:54 GET /api/v3/payments 503 700ms req-0150
2026-10-04 12:07:57 GET /api/v1/sellers 200 29ms req-0151
2026-10-04 12:07:58 GET /api/v3/products 200 680ms req-0152
2026-10-04 12:08:03 POST /api/v3/payments 404 342ms req-0153
2026-10-04 12:08:08 GET /api/v1/orders 200 192ms req-0154
2026-10-04 12:08:09 POST /api/v1/orders 503 204ms req-0155
2026-10-04 12:08:12 POST /api/v1/sellers 201 262ms req-0156
2026-10-04 12:08:13 GET /api/v3/products 200 47ms req-0157
2026-10-04 12:08:16 GET /api/v3/products 500 961ms req-0158
2026-10-04 12:08:18 GET /api/v1/orders 200 213ms req-0159
2026-10-04 12:08:20 GET /api/v3/payments 200 74ms req-0160
2026-10-04 12:08:24 GET /api/v3/payments 503 730ms req-0161
2026-10-04 12:08:28 GET /api/v1/sellers 200 675ms req-0162
2026-10-04 12:08:33 GET /api/v3/payments 201 936ms req-0163
2026-10-04 12:08:37 GET /api/v1/sellers 200 591ms req-0164
2026-10-04 12:08:38 POST /api/v1/orders 503 958ms req-0165
2026-10-04 12:08:40 GET /api/v3/payments 500 353ms req-0166
2026-10-04 12:08:43 POST /api/v3/payments 201 446ms req-0167
2026-10-04 12:08:47 POST /api/v3/payments 404 317ms req-0168
2026-10-04 12:08:49 GET /api/v3/payments 503 489ms req-0169
2026-10-04 12:08:54 POST /api/v1/orders 404 167ms req-0170
2026-10-04 12:08:57 POST /api/v3/payments 429 100ms req-0171
2026-10-04 12:09:02 POST /api/v1/orders 429 574ms req-0172
2026-10-04 12:09:04 GET /api/v3/products 200 328ms req-0173
2026-10-04 12:09:05 POST /api/v1/orders 503 295ms req-0174
2026-10-04 12:09:08 GET /api/v3/payments 201 662ms req-0175
2026-10-04 12:09:09 POST /api/v1/orders 200 259ms req-0176
2026-10-04 12:09:13 GET /api/v3/payments 200 752ms req-0177
2026-10-04 12:09:14 GET /api/v1/sellers 200 458ms req-0178
2026-10-04 12:09:19 GET /api/v3/products 201 533ms req-0179
2026-10-04 12:09:21 POST /api/v1/sellers 503 797ms req-0180
2026-10-04 12:09:23 GET /api/v1/orders 200 34ms req-0181
2026-10-04 12:09:24 POST /api/v1/orders 200 796ms req-0182
2026-10-04 12:09:29 POST /api/v3/payments 201 786ms req-0183
2026-10-04 12:09:33 POST /api/v1/orders 200 647ms req-0184
2026-10-04 12:09:35 POST /api/v1/sellers 200 336ms req-0185
2026-10-04 12:09:38 GET /api/v1/orders 200 202ms req-0186
2026-10-04 12:09:41 POST /api/v3/products 201 569ms req-0187
2026-10-04 12:09:46 GET /api/v1/orders 404 561ms req-0188
2026-10-04 12:09:48 POST /api/v1/orders 200 702ms req-0189
2026-10-04 12:09:50 GET /api/v1/sellers 200 687ms req-0190
2026-10-04 12:09:54 GET /api/v1/sellers 201 508ms req-0191
2026-10-04 12:09:55 POST /api/v3/products 404 540ms req-0192
2026-10-04 12:09:58 GET /api/v1/orders 500 522ms req-0193
2026-10-04 12:10:02 GET /api/v3/products 200 423ms req-0194
2026-10-04 12:10:05 POST /api/v3/products 200 407ms req-0195
2026-10-04 12:10:09 GET /api/v1/sellers 500 586ms req-0196
2026-10-04 12:10:11 POST /api/v1/sellers 200 932ms req-0197
2026-10-04 12:10:14 POST /api/v3/products 500 21ms req-0198
2026-10-04 12:10:18 POST /api/v3/payments 404 39ms req-0199
2026-10-04 12:10:19 GET /api/v3/payments 200 61ms req-0200
2026-10-04 12:10:20 POST /api/v3/products 200 464ms req-0201
2026-10-04 12:10:21 GET /api/v3/payments 201 436ms req-0202
2026-10-04 12:10:22 POST /api/v3/payments 200 555ms req-0203
2026-10-04 12:10:25 POST /api/v1/orders 500 887ms req-0204
2026-10-04 12:10:28 GET /api/v3/payments 404 999ms req-0205
2026-10-04 12:10:32 POST /api/v1/orders 500 190ms req-0206
2026-10-04 12:10:36 GET /api/v1/orders 200 652ms req-0207
2026-10-04 12:10:37 POST /api/v3/products 200 689ms req-0208
2026-10-04 12:10:38 GET /api/v3/products 200 605ms req-0209
2026-10-04 12:10:40 POST /api/v1/orders 503 618ms req-0210
2026-10-04 12:10:41 GET /api/v3/products 404 930ms req-0211
2026-10-04 12:10:42 GET /api/v1/orders 200 341ms req-0212
2026-10-04 12:10:45 GET /api/v3/payments 200 464ms req-0213
2026-10-04 12:10:46 GET /api/v3/products 201 295ms req-0214
2026-10-04 12:10:49 GET /api/v3/payments 404 571ms req-0215
2026-10-04 12:10:54 GET /api/v1/sellers 201 277ms req-0216
2026-10-04 12:10:56 GET /api/v3/products 404 594ms req-0217
2026-10-04 12:11:00 POST /api/v1/orders 200 56ms req-0218
2026-10-04 12:11:02 GET /api/v1/orders 200 598ms req-0219
2026-10-04 12:11:07 POST /api/v3/payments 200 803ms req-0220
2026-10-04 12:11:09 POST /api/v3/products 200 155ms req-0221
2026-10-04 12:11:11 GET /api/v3/products 201 877ms req-0222
2026-10-04 12:11:12 GET /api/v3/products 200 251ms req-0223
2026-10-04 12:11:13 POST /api/v1/orders 429 74ms req-0224
2026-10-04 12:11:17 POST /api/v3/payments 200 668ms req-0225
2026-10-04 12:11:21 GET /api/v1/orders 200 544ms req-0226
2026-10-04 12:11:24 GET /api/v1/sellers 200 617ms req-0227
2026-10-04 12:11:25 POST /api/v1/orders 201 441ms req-0228
2026-10-04 12:11:28 POST /api/v3/payments 500 203ms req-0229
2026-10-04 12:11:32 POST /api/v1/orders 500 671ms req-0230
2026-10-04 12:11:33 POST /api/v1/orders 200 196ms req-0231
2026-10-04 12:11:37 GET /api/v1/sellers 200 684ms req-0232
2026-10-04 12:11:41 GET /api/v1/orders 404 214ms req-0233
2026-10-04 12:11:43 GET /api/v1/sellers 200 108ms req-0234
2026-10-04 12:11:46 GET /api/v1/orders 200 133ms req-0235
2026-10-04 12:11:47 POST /api/v1/sellers 200 832ms req-0236
2026-10-04 12:11:49 GET /api/v3/payments 429 868ms req-0237
2026-10-04 12:11:51 POST /api/v1/orders 200 310ms req-0238
2026-10-04 12:11:52 POST /api/v1/sellers 200 54ms req-0239
2026-10-04 12:11:56 POST /api/v3/products 500 925ms req-0240
2026-10-04 12:11:58 GET /api/v1/sellers 503 376ms req-0241
2026-10-04 12:11:59 POST /api/v3/products 200 530ms req-0242
2026-10-04 12:12:00 POST /api/v1/orders 200 949ms req-0243
2026-10-04 12:12:04 GET /api/v1/sellers 200 583ms req-0244
2026-10-04 12:12:06 POST /api/v1/sellers 201 92ms req-0245
2026-10-04 12:12:09 POST /api/v1/sellers 429 63ms req-0246
2026-10-04 12:12:14 GET /api/v3/payments 200 382ms req-0247
2026-10-04 12:12:17 POST /api/v1/orders 200 919ms req-0248
2026-10-04 12:12:18 POST /api/v1/sellers 429 956ms req-0249
2026-10-04 12:12:20 POST /api/v3/payments 200 276ms req-0250
2026-10-04 12:12:22 GET /api/v3/payments 503 707ms req-0251
2026-10-04 12:12:25 POST /api/v3/payments 200 186ms req-0252
2026-10-04 12:12:26 GET /api/v3/payments 200 55ms req-0253
2026-10-04 12:12:30 POST /api/v3/payments 429 807ms req-0254
2026-10-04 12:12:33 POST /api/v1/sellers 201 932ms req-0255
2026-10-04 12:12:36 POST /api/v1/orders 201 348ms req-0256
2026-10-04 12:12:38 GET /api/v1/sellers 200 415ms req-0257
2026-10-04 12:12:41 GET /api/v1/sellers 503 55ms req-0258
2026-10-04 12:12:44 POST /api/v3/products 201 476ms req-0259
2026-10-04 12:12:45 POST /api/v1/orders 200 415ms req-0260
2026-10-04 12:12:48 POST /api/v3/products 500 205ms req-0261
2026-10-04 12:12:52 GET /api/v1/sellers 503 498ms req-0262
2026-10-04 12:12:54 GET /api/v3/payments 500 163ms req-0263
2026-10-04 12:12:56 POST /api/v3/payments 201 40ms req-0264
2026-10-04 12:12:58 GET /api/v3/products 500 230ms req-0265
2026-10-04 12:13:01 POST /api/v1/sellers 200 675ms req-0266
2026-10-04 12:13:05 GET /api/v1/sellers 429 741ms req-0267
2026-10-04 12:13:08 GET /api/v1/sellers 200 487ms req-0268
2026-10-04 12:13:10 GET /api/v1/sellers 200 590ms req-0269
2026-10-04 12:13:13 POST /api/v3/payments 429 323ms req-0270
2026-10-04 12:13:15 GET /api/v3/products 200 675ms req-0271
2026-10-04 12:13:19 POST /api/v1/orders 200 67ms req-0272
2026-10-04 12:13:21 POST /api/v3/payments 429 997ms req-0273
2026-10-04 12:13:23 POST /api/v3/products 201 1000ms req-0274
2026-10-04 12:13:26 GET /api/v3/payments 200 351ms req-0275
2026-10-04 12:13:29 POST /api/v3/products 404 818ms req-0276
2026-10-04 12:13:30 POST /api/v1/orders 200 722ms req-0277
2026-10-04 12:13:35 GET /api/v3/payments 500 936ms req-0278
2026-10-04 12:13:40 GET /api/v1/orders 200 564ms req-0279
2026-10-04 12:13:41 POST /api/v1/sellers 503 455ms req-0280
2026-10-04 12:13:45 POST /api/v3/products 200 261ms req-0281
2026-10-04 12:13:46 GET /api/v3/products 404 635ms req-0282
2026-10-04 12:13:51 POST /api/v3/payments 201 199ms req-0283
2026-10-04 12:13:56 POST /api/v3/products 201 115ms req-0284
2026-10-04 12:14:01 POST /api/v1/sellers 201 643ms req-0285
2026-10-04 12:14:04 GET /api/v1/sellers 503 609ms req-0286
2026-10-04 12:14:06 POST /api/v1/sellers 429 344ms req-0287
2026-10-04 12:14:08 POST /api/v3/payments 404 549ms req-0288
2026-10-04 12:14:11 GET /api/v3/products 503 450ms req-0289
2026-10-04 12:14:14 POST /api/v1/sellers 500 960ms req-0290
2026-10-04 12:14:17 GET /api/v1/sellers 200 574ms req-0291
2026-10-04 12:14:22 GET /api/v3/products 200 711ms req-0292
2026-10-04 12:14:27 GET /api/v3/products 404 982ms req-0293
2026-10-04 12:14:28 POST /api/v1/sellers 200 581ms req-0294
2026-10-04 12:14:31 GET /api/v1/orders 200 246ms req-0295
2026-10-04 12:14:34 GET /api/v3/products 503 321ms req-0296
2026-10-04 12:14:37 POST /api/v3/products 200 642ms req-0297
2026-10-04 12:14:41 POST /api/v1/orders 503 760ms req-0298
2026-10-04 12:14:45 GET /api/v3/payments 429 616ms req-0299
2026-10-04 12:14:46 POST /api/v1/orders 500 354ms req-0300
2026-10-04 12:14:48 GET /api/v1/sellers 404 90ms req-0301
2026-10-04 12:14:53 POST /api/v3/products 429 928ms req-0302
2026-10-04 12:14:56 GET /api/v3/products 503 466ms req-0303
2026-10-04 12:14:59 GET /api/v1/sellers 429 918ms req-0304
2026-10-04 12:15:00 POST /api/v1/orders 200 417ms req-0305
2026-10-04 12:15:01 GET /api/v3/products 503 667ms req-0306
2026-10-04 12:15:05 POST /api/v1/sellers 200 380ms req-0307
2026-10-04 12:15:07 GET /api/v3/products 201 418ms req-0308
2026-10-04 12:15:09 GET /api/v1/sellers 429 513ms req-0309
2026-10-04 12:15:10 POST /api/v3/products 200 858ms req-0310
2026-10-04 12:15:13 GET /api/v1/orders 429 966ms req-0311
2026-10-04 12:15:14 GET /api/v1/sellers 429 44ms req-0312
2026-10-04 12:15:17 GET /api/v3/payments 500 711ms req-0313
2026-10-04 12:15:20 GET /api/v3/payments 500 277ms req-0314
2026-10-04 12:15:22 POST /api/v3/products 200 422ms req-0315
2026-10-04 12:15:24 GET /api/v1/orders 200 674ms req-0316
2026-10-04 12:15:27 POST /api/v3/products 200 455ms req-0317
2026-10-04 12:15:32 POST /api/v1/orders 200 594ms req-0318
2026-10-04 12:15:34 POST /api/v3/payments 503 228ms req-0319
2026-10-04 12:15:38 POST /api/v1/sellers 503 472ms req-0320
2026-10-04 12:15:42 GET /api/v1/sellers 200 392ms req-0321
2026-10-04 12:15:45 POST /api/v3/products 503 639ms req-0322
2026-10-04 12:15:48 POST /api/v1/sellers 200 433ms req-0323
2026-10-04 12:15:53 GET /api/v3/products 429 992ms req-0324
2026-10-04 12:15:54 POST /api/v3/payments 200 543ms req-0325
2026-10-04 12:15:58 GET /api/v3/payments 200 725ms req-0326
2026-10-04 12:15:59 GET /api/v3/payments 200 913ms req-0327
2026-10-04 12:16:04 POST /api/v1/orders 200 986ms req-0328
2026-10-04 12:16:06 GET /api/v3/payments 200 576ms req-0329
2026-10-04 12:16:11 POST /api/v1/sellers 500 187ms req-0330
2026-10-04 12:16:15 GET /api/v3/payments 200 783ms req-0331
2026-10-04 12:16:17 GET /api/v1/sellers 429 129ms req-0332
2026-10-04 12:16:19 GET /api/v1/orders 429 599ms req-0333
2026-10-04 12:16:22 GET /api/v1/orders 429 316ms req-0334
2026-10-04 12:16:26 GET /api/v1/sellers 200 592ms req-0335
2026-10-04 12:16:27 POST /api/v3/payments 429 608ms req-0336
2026-10-04 12:16:30 GET /api/v1/sellers 200 426ms req-0337
2026-10-04 12:16:33 GET /api/v3/products 404 992ms req-0338
2026-10-04 12:16:34 GET /api/v1/orders 200 212ms req-0339
2026-10-04 12:16:35 POST /api/v3/products 201 425ms req-0340
2026-10-04 12:16:37 GET /api/v3/products 500 752ms req-0341
2026-10-04 12:16:40 GET /api/v1/orders 200 227ms req-0342
2026-10-04 12:16:41 POST /api/v1/orders 429 508ms req-0343
2026-10-04 12:16:44 GET /api/v1/sellers 200 176ms req-0344
2026-10-04 12:16:46 POST /api/v3/payments 503 798ms req-0345
2026-10-04 12:16:47 POST /api/v1/sellers 200 499ms req-0346
2026-10-04 12:16:50 GET /api/v3/products 200 960ms req-0347
2026-10-04 12:16:51 POST /api/v3/products 200 105ms req-0348
2026-10-04 12:16:54 GET /api/v3/payments 200 187ms req-0349
2026-10-04 12:16:59 GET /api/v1/orders 500 894ms req-0350
2026-10-04 12:17:04 GET /api/v3/payments 404 88ms req-0351
2026-10-04 12:17:09 POST /api/v3/payments 200 336ms req-0352
2026-10-04 12:17:14 POST /api/v1/orders 200 540ms req-0353
2026-10-04 12:17:16 GET /api/v3/payments 200 398ms req-0354
2026-10-04 12:17:19 GET /api/v3/products 404 423ms req-0355
2026-10-04 12:17:23 GET /api/v3/payments 500 733ms req-0356
2026-10-04 12:17:28 POST /api/v3/payments 503 828ms req-0357
2026-10-04 12:17:32 GET /api/v3/payments 404 720ms req-0358
2026-10-04 12:17:34 POST /api/v1/sellers 503 514ms req-0359
2026-10-04 12:17:37 GET /api/v1/orders 503 654ms req-0360
2026-10-04 12:17:40 GET /api/v3/products 429 373ms req-0361
2026-10-04 12:17:41 GET /api/v3/products 500 88ms req-0362
2026-10-04 12:17:44 GET /api/v1/orders 200 789ms req-0363
2026-10-04 12:17:49 POST /api/v3/products 429 650ms req-0364
2026-10-04 12:17:52 POST /api/v3/products 201 756ms req-0365
2026-10-04 12:17:55 POST /api/v1/sellers 201 665ms req-0366
2026-10-04 12:18:00 POST /api/v1/sellers 503 310ms req-0367
2026-10-04 12:18:05 GET /api/v3/products 429 127ms req-0368
2026-10-04 12:18:10 GET /api/v3/payments 200 683ms req-0369
2026-10-04 12:18:14 POST /api/v1/sellers 200 256ms req-0370
2026-10-04 12:18:15 POST /api/v1/orders 429 911ms req-0371
2026-10-04 12:18:19 POST /api/v1/orders 429 755ms req-0372
2026-10-04 12:18:22 GET /api/v3/payments 200 619ms req-0373
2026-10-04 12:18:27 POST /api/v1/orders 201 924ms req-0374
2026-10-04 12:18:31 POST /api/v3/payments 503 312ms req-0375
2026-10-04 12:18:34 POST /api/v3/payments 200 235ms req-0376
2026-10-04 12:18:38 GET /api/v1/sellers 200 425ms req-0377
2026-10-04 12:18:41 GET /api/v1/orders 200 555ms req-0378
2026-10-04 12:18:44 GET /api/v1/orders 404 399ms req-0379
2026-10-04 12:18:45 POST /api/v3/payments 503 951ms req-0380
2026-10-04 12:18:50 POST /api/v3/products 500 145ms req-0381
2026-10-04 12:18:51 POST /api/v1/orders 200 326ms req-0382
2026-10-04 12:18:53 POST /api/v3/payments 200 818ms req-0383
2026-10-04 12:18:57 GET /api/v1/sellers 500 689ms req-0384
2026-10-04 12:18:58 GET /api/v1/orders 503 81ms req-0385
2026-10-04 12:18:59 GET /api/v3/payments 429 699ms req-0386
2026-10-04 12:19:04 GET /api/v1/sellers 200 899ms req-0387
2026-10-04 12:19:06 POST /api/v1/orders 201 311ms req-0388
2026-10-04 12:19:11 GET /api/v3/products 200 403ms req-0389
2026-10-04 12:19:15 POST /api/v3/products 503 373ms req-0390
2026-10-04 12:19:17 GET /api/v1/orders 200 1000ms req-0391
2026-10-04 12:19:21 GET /api/v3/products 200 245ms req-0392
2026-10-04 12:19:24 POST /api/v1/orders 500 103ms req-0393
2026-10-04 12:19:28 GET /api/v3/payments 500 104ms req-0394
2026-10-04 12:19:30 POST /api/v3/products 503 810ms req-0395
2026-10-04 12:19:34 GET /api/v1/sellers 200 878ms req-0396
2026-10-04 12:19:37 POST /api/v1/orders 500 556ms req-0397
2026-10-04 12:19:38 GET /api/v1/orders 201 852ms req-0398
2026-10-04 12:19:43 GET /api/v3/products 429 420ms req-0399
2026-10-04 12:19:45 GET /api/v3/products 200 728ms req-0400
2026-10-04 12:19:48 GET /api/v3/payments 429 800ms req-0401
2026-10-04 12:19:51 POST /api/v3/products 503 887ms req-0402
2026-10-04 12:19:52 GET /api/v3/products 200 507ms req-0403
2026-10-04 12:19:54 GET /api/v3/payments 500 397ms req-0404
2026-10-04 12:19:58 POST /api/v1/sellers 200 140ms req-0405
2026-10-04 12:20:03 POST /api/v1/orders 200 98ms req-0406
2026-10-04 12:20:08 POST /api/v3/payments 503 855ms req-0407
2026-10-04 12:20:11 POST /api/v3/products 200 396ms req-0408
2026-10-04 12:20:14 POST /api/v3/products 200 45ms req-0409
2026-10-04 12:20:19 GET /api/v1/orders 200 377ms req-0410
2026-10-04 12:20:23 GET /api/v3/products 200 647ms req-0411
2026-10-04 12:20:26 GET /api/v1/orders 500 89ms req-0412
2026-10-04 12:20:30 GET /api/v1/sellers 201 731ms req-0413
2026-10-04 12:20:34 POST /api/v1/sellers 429 376ms req-0414
2026-10-04 12:20:39 GET /api/v1/orders 200 177ms req-0415
2026-10-04 12:20:42 GET /api/v1/orders 503 316ms req-0416
2026-10-04 12:20:43 POST /api/v3/payments 500 467ms req-0417
2026-10-04 12:20:47 POST /api/v3/payments 200 83ms req-0418
2026-10-04 12:20:49 GET /api/v1/orders 503 242ms req-0419
2026-10-04 12:20:54 GET /api/v1/sellers 201 392ms req-0420
2026-10-04 12:20:59 GET /api/v1/orders 503 724ms req-0421
2026-10-04 12:21:04 GET /api/v3/payments 404 202ms req-0422
2026-10-04 12:21:06 POST /api/v3/products 429 69ms req-0423
2026-10-04 12:21:11 POST /api/v3/payments 500 60ms req-0424
2026-10-04 12:21:15 POST /api/v1/orders 200 264ms req-0425
2026-10-04 12:21:16 POST /api/v1/sellers 200 693ms req-0426
2026-10-04 12:21:19 POST /api/v1/orders 500 498ms req-0427
2026-10-04 12:21:23 GET /api/v1/sellers 200 605ms req-0428
2026-10-04 12:21:26 POST /api/v3/products 201 897ms req-0429
2026-10-04 12:21:30 GET /api/v1/orders 503 879ms req-0430
2026-10-04 12:21:31 GET /api/v1/sellers 429 242ms req-0431
2026-10-04 12:21:33 GET /api/v1/sellers 200 146ms req-0432
2026-10-04 12:21:34 POST /api/v1/orders 429 753ms req-0433
2026-10-04 12:21:35 GET /api/v3/payments 200 695ms req-0434
2026-10-04 12:21:39 GET /api/v3/payments 200 265ms req-0435
2026-10-04 12:21:43 POST /api/v1/sellers 429 414ms req-0436
2026-10-04 12:21:47 POST /api/v1/sellers 201 409ms req-0437
2026-10-04 12:21:49 GET /api/v3/payments 429 624ms req-0438
2026-10-04 12:21:54 GET /api/v3/products 200 476ms req-0439
2026-10-04 12:21:56 POST /api/v3/payments 200 526ms req-0440
2026-10-04 12:22:00 GET /api/v3/payments 200 269ms req-0441
2026-10-04 12:22:05 POST /api/v3/payments 200 214ms req-0442
2026-10-04 12:22:10 GET /api/v1/sellers 200 932ms req-0443
2026-10-04 12:22:14 GET /api/v1/orders 429 750ms req-0444
2026-10-04 12:22:18 GET /api/v3/products 429 123ms req-0445
2026-10-04 12:22:21 POST /api/v3/payments 200 753ms req-0446
2026-10-04 12:22:24 GET /api/v1/sellers 500 49ms req-0447
2026-10-04 12:22:26 POST /api/v3/payments 201 345ms req-0448
2026-10-04 12:22:28 POST /api/v3/payments 429 609ms req-0449
2026-10-04 12:22:29 POST /api/v3/payments 200 443ms req-0450
2026-10-04 12:22:34 GET /api/v1/sellers 200 663ms req-0451
2026-10-04 12:22:38 POST /api/v1/sellers 201 165ms req-0452
2026-10-04 12:22:41 POST /api/v3/products 503 818ms req-0453
2026-10-04 12:22:42 GET /api/v3/payments 200 678ms req-0454
2026-10-04 12:22:44 GET /api/v1/orders 200 101ms req-0455
2026-10-04 12:22:49 GET /api/v1/orders 500 241ms req-0456
2026-10-04 12:22:50 POST /api/v1/orders 200 545ms req-0457
2026-10-04 12:22:51 POST /api/v3/products 200 178ms req-0458
2026-10-04 12:22:56 GET /api/v3/products 503 513ms req-0459
2026-10-04 12:22:57 POST /api/v3/payments 503 200ms req-0460
2026-10-04 12:23:02 POST /api/v3/products 404 315ms req-0461
2026-10-04 12:23:06 POST /api/v3/products 404 956ms req-0462
2026-10-04 12:23:07 POST /api/v3/products 200 75ms req-0463
2026-10-04 12:23:09 POST /api/v3/payments 200 799ms req-0464
2026-10-04 12:23:10 POST /api/v1/orders 200 240ms req-0465
2026-10-04 12:23:11 POST /api/v3/payments 201 903ms req-0466
2026-10-04 12:23:13 GET /api/v1/orders 404 884ms req-0467
2026-10-04 12:23:16 GET /api/v3/products 200 400ms req-0468
2026-10-04 12:23:21 GET /api/v1/sellers 200 274ms req-0469
2026-10-04 12:23:25 POST /api/v3/payments 500 881ms req-0470
2026-10-04 12:23:30 POST /api/v3/products 200 505ms req-0471
2026-10-04 12:23:33 GET /api/v3/products 500 327ms req-0472
2026-10-04 12:23:36 GET /api/v1/orders 200 544ms req-0473
2026-10-04 12:23:38 POST /api/v3/products 503 903ms req-0474
2026-10-04 12:23:43 GET /api/v3/payments 201 786ms req-0475
2026-10-04 12:23:46 GET /api/v3/products 201 279ms req-0476
2026-10-04 12:23:50 POST /api/v3/products 200 417ms req-0477
2026-10-04 12:23:53 GET /api/v1/sellers 200 911ms req-0478
2026-10-04 12:23:57 POST /api/v3/payments 200 47ms req-0479
2026-10-04 12:24:00 POST /api/v3/products 404 58ms req-0480
2026-10-04 12:24:04 GET /api/v3/products 201 822ms req-0481
2026-10-04 12:24:09 POST /api/v1/orders 200 447ms req-0482
2026-10-04 12:24:11 POST /api/v3/products 200 810ms req-0483
2026-10-04 12:24:14 GET /api/v3/payments 429 434ms req-0484
2026-10-04 12:24:18 GET /api/v3/payments 200 862ms req-0485
2026-10-04 12:24:23 POST /api/v1/sellers 429 111ms req-0486
2026-10-04 12:24:24 GET /api/v3/payments 200 551ms req-0487
2026-10-04 12:24:26 POST /api/v3/payments 429 201ms req-0488
2026-10-04 12:24:27 GET /api/v1/orders 503 446ms req-0489
2026-10-04 12:24:32 GET /api/v3/products 500 365ms req-0490
2026-10-04 12:24:34 POST /api/v1/sellers 200 331ms req-0491
2026-10-04 12:24:38 POST /api/v1/sellers 200 953ms req-0492
2026-10-04 12:24:39 POST /api/v3/products 503 913ms req-0493
2026-10-04 12:24:42 GET /api/v3/payments 200 704ms req-0494
2026-10-04 12:24:45 GET /api/v1/orders 404 50ms req-0495
2026-10-04 12:24:50 GET /api/v1/sellers 200 572ms req-0496
2026-10-04 12:24:52 GET /api/v3/payments 200 775ms req-0497
2026-10-04 12:24:54 GET /api/v3/products 200 749ms req-0498
2026-10-04 12:24:55 POST /api/v1/orders 429 506ms req-0499
2026-10-04 12:24:56 POST /api/v1/sellers 200 871ms req-0500
